// Jest Snapshot v1, https://goo.gl/fbAQLP

exports[`WizardOverlay matches snapshot with minimal props 1`] = `
<OverlayTechnology>
  <OverlayContainer
    maxWidth={800}
  >
    <OverlayHeading />
    <OverlayBody />
  </OverlayContainer>
</OverlayTechnology>
`;

exports[`WizardOverlay with children matches snapshot with children props 1`] = `
<OverlayTechnology>
  <OverlayContainer
    maxWidth={800}
  >
    <OverlayHeading />
    <OverlayBody />
  </OverlayContainer>
</OverlayTechnology>
`;
